// Jest Snapshot v1, https://goo.gl/fbAQLP

exports[`Section render correctly 1`] = `
<section
  class="flex flex-1 flex-col"
  data-role="yc-layout-section"
>
  <div>
    foo
  </div>
</section>
`;
